Enter password: **************
Welcome to the MySQL monitor.  Commands end with ; or \g.
Your MySQL connection id is 8
Server version: 8.0.25 MySQL Community Server - GPL

Copyright (c) 2000, 2021, Oracle and/or its affiliates.

Oracle is a registered trademark of Oracle Corporation and/or its
affiliates. Other names may be trademarks of their respective
owners.

Type 'help;' or '\h' for help. Type '\c' to clear the current input statement.

mysql> create database ums;
Query OK, 1 row affected (0.04 sec)

mysql> use ums;
Database changed
mysql> create table login(username varchar(20), password varchar(20));
Query OK, 0 rows affected (0.09 sec)

mysql> insert into login values('admin','admin');
Query OK, 1 row affected (0.03 sec)

mysql> create table student(name varchar(20)), fathers_name varchar(20), age varchar(5) dob varchar(20), address varchar(30), phone varchar(15), email varchar(25), class_x varchar(10), class_xii varchar(10), aadhar varchar(15), rollno varchar(15), course varchar(10), branch varchar(20));
ERROR 1064 (42000): You have an error in your SQL syntax; check the manual that corresponds to your MySQL server version for the right syntax to use near ', fathers_name varchar(20), age varchar(5) dob varchar(20), address varchar(30),' at line 1
mysql> create table student(name varchar(20)), fathers_name varchar(20), age varchar(5), dob varchar(20), address varchar(30), phone varchar(15), email varchar(25), class_x varchar(10), class_xii varchar(10), aadhar varchar(15), rollno varchar(15), course varchar(10), branch varchar(20));
ERROR 1064 (42000): You have an error in your SQL syntax; check the manual that corresponds to your MySQL server version for the right syntax to use near ', fathers_name varchar(20), age varchar(5), dob varchar(20), address varchar(30)' at line 1
mysql> create table student(name varchar(20), fathers_name varchar(20), age varchar(5), dob varchar(20), address varchar(30), phone varchar(15), email varchar(25), class_x varchar(10), class_xii varchar(10), aadhar varchar(15), rollno varchar(15), course varchar(10), branch varchar(20));
Query OK, 0 rows affected (0.05 sec)

mysql> create table teacher(name varchar(20), fathers_name varchar(20), age varchar(5), dob varchar(20), address varchar(30), phone varchar(15), email varchar(25), class_x varchar(10), class_xii varchar(10), aadhar varchar(15), course varchar(15), emp_id varchar(10), dept varchar(20));
Query OK, 0 rows affected (0.06 sec)

mysql> create table fee(rollno varchar(20), name varcahr(25), fathers_name varchar(25), course varchar(10), branch varchar(20), semester varchar(10), fee_paid varchar(15));
ERROR 1064 (42000): You have an error in your SQL syntax; check the manual that corresponds to your MySQL server version for the right syntax to use near 'varcahr(25), fathers_name varchar(25), course varchar(10), branch varchar(20), s' at line 1
mysql> create table fee(rollno varchar(20), name varchar(25), fathers_name varchar(25), course varchar(10), branch varchar(20), semester varchar(10), fee_paid varchar(15));
Query OK, 0 rows affected (0.04 sec)

mysql> create table attendance_student(rollno varchar(20), Date varchar(30), first varchar(10), second varchar(10));
Query OK, 0 rows affected (0.06 sec)

mysql> create table attendance_teacher(emp_id varchar(20), Date varchar(30), first varchar(10), second varchar(10));
Query OK, 0 rows affected (0.05 sec)

mysql> create table subject(rollno varchar(15), subject
    -> create table subject(rollno varchar(15), subject2 varchar (20), subject3 varcahr(20), subject4 varchar(20), subject5 varchar(20));
ERROR 1064 (42000): You have an error in your SQL syntax; check the manual that corresponds to your MySQL server version for the right syntax to use near 'create table subject(rollno varchar(15), subject2 varchar (20), subject3 varcahr' at line 2
mysql> create table subject(rollno varchar(15), subject2 varchar (20), subject3 varchar(20), subject4 varchar(20), subject5 varchar(20));
Query OK, 0 rows affected (0.05 sec)

mysql> create table marks(rollno varchar(15), marks1 varchar, marks2 varchar(20), marks3 varchar(20), marks4 varchar(20), marks5 varchar(20));
ERROR 1064 (42000): You have an error in your SQL syntax; check the manual that corresponds to your MySQL server version for the right syntax to use near ', marks2 varchar(20), marks3 varchar(20), marks4 varchar(20), marks5 varchar(20)' at line 1
mysql> create table marks(rollno varchar(15), marks1 varchar(20), marks2 varchar(20), marks3 varchar(20), marks4 varchar(20), marks5 varchar(20));
Query OK, 0 rows affected (0.06 sec)

mysql> show tables;
+--------------------+
| Tables_in_ums      |
+--------------------+
| attendance_student |
| attendance_teacher |
| fee                |
| login              |
| marks              |
| student            |
| subject            |
| teacher            |
+--------------------+
8 rows in set (0.07 sec)

mysql> select *from student;
Empty set (0.05 sec)

mysql> select *from student;
Empty set (0.00 sec)

mysql>